// Jest Snapshot v1, https://goo.gl/fbAQLP

exports[`StreetView.vue methods startTimer 1`] = `
<div id="game-page">
  <div id="street-view-container">
    <headergame-stub nbround="5" remainingtime="0" round="1" points="0" score="0"></headergame-stub>
    <div id="game-interface">
      <v-overlay-stub color="#212121" dark="true" opacity="1" zindex="5"></v-overlay-stub>
      <div id="street-view"></div>
      <div id="game-interface--overlay">
        <maps-stub countdown="0" nbround="5" mode="classic" difficulty="2000" timelimitation="0" points="0" score="0" round="1"></maps-stub>
      </div>
    </div>
  </div>
  <v-overlay-stub color="#212121" dark="true" opacity="0.8" zindex="1"></v-overlay-stub>
  <dialogmessage-stub dialogtext="undefined/room/null" dialogtitle="Waiting for other players..."></dialogmessage-stub>
  <div class="alert-container">
    <!---->
    <v-alert-stub tag="div" transition="slide-x-transition" closelabel="$vuetify.close" dismissible="true" closeicon="$cancel" icon="mdi-clock-fast" prominent="true" type="info" id="warningCountdown">
      Countdown started : 0 seconds remaining
    </v-alert-stub>
  </div>
</div>
`;

exports[`StreetView.vue methods startTimer hasTimerStarted 1`] = `
<div id="game-page">
  <div id="street-view-container">
    <headergame-stub nbround="5" remainingtime="0" round="1" points="0" score="0"></headergame-stub>
    <div id="game-interface">
      <v-overlay-stub color="#212121" dark="true" opacity="1" zindex="5"></v-overlay-stub>
      <div id="street-view"></div>
      <div id="game-interface--overlay">
        <maps-stub countdown="0" nbround="5" mode="classic" difficulty="2000" timelimitation="0" points="0" score="0" round="1"></maps-stub>
      </div>
    </div>
  </div>
  <v-overlay-stub color="#212121" dark="true" opacity="0.8" zindex="1"></v-overlay-stub>
  <dialogmessage-stub dialogtext="undefined/room/null" dialogtitle="Waiting for other players..."></dialogmessage-stub>
  <div class="alert-container">
    <!---->
    <v-alert-stub tag="div" transition="slide-x-transition" closelabel="$vuetify.close" dismissible="true" closeicon="$cancel" icon="mdi-clock-fast" prominent="true" type="info" id="warningCountdown">
      Countdown started : 0 seconds remaining
    </v-alert-stub>
  </div>
</div>
`;

exports[`StreetView.vue methods startTimer hasTimerStarted 2`] = `
<div id="game-page">
  <div id="street-view-container">
    <headergame-stub nbround="5" remainingtime="0" round="1" points="0" score="0"></headergame-stub>
    <div id="game-interface">
      <v-overlay-stub color="#212121" dark="true" opacity="1" zindex="5"></v-overlay-stub>
      <div id="street-view"></div>
      <div id="game-interface--overlay">
        <maps-stub countdown="0" nbround="5" mode="classic" difficulty="2000" timelimitation="0" points="0" score="0" round="1"></maps-stub>
      </div>
    </div>
  </div>
  <v-overlay-stub color="#212121" dark="true" opacity="0.8" zindex="1"></v-overlay-stub>
  <dialogmessage-stub dialogtext="undefined/room/null" dialogtitle="Waiting for other players..."></dialogmessage-stub>
  <div class="alert-container">
    <!---->
    <v-alert-stub tag="div" transition="slide-x-transition" closelabel="$vuetify.close" dismissible="true" closeicon="$cancel" icon="mdi-clock-fast" prominent="true" type="info" id="warningCountdown">
      Countdown started : 0 seconds remaining
    </v-alert-stub>
  </div>
</div>
`;
